// Jest Snapshot v1, https://goo.gl/fbAQLP

exports[`should advance to the next image 1`] = `
"Snapshot Diff:
- First value
+ Second value

@@ -24,11 +24,11 @@
      />
      <div
        class=\\"sc-bwzfXH iVSscL\\"
      >
        <div
-         class=\\"sc-gzVnrw eGhSyp\\"
+         class=\\"sc-gzVnrw bfIvDc\\"
        >
          <div
            class=\\" gatsby-image-wrapper\\"
            style=\\"position: relative; overflow: hidden; height: 100%;\\"
          >
@@ -68,11 +68,11 @@
  /static/digest-1/size/mock-1-2250.jpg 2250w\\" sizes=\\"(max-width: 2250px) 100vw, 2250px\\" /&gt;&lt;img src=\\"/static/digest-1/size/mock-1.jpg\\" alt=\\"Slideshow Image-1\\" style=\\"position:absolute;top:0;left:0;transition:opacity 0.5s;transition-delay:0.5s;opacity:1;width:100%;height:100%;object-fit:cover;object-position:center\\"/&gt;&lt;/picture&gt;
            </noscript>
          </div>
        </div>
        <div
-         class=\\"sc-gzVnrw bfIvDc\\"
+         class=\\"sc-gzVnrw eGhSyp\\"
        >
          <div
            class=\\" gatsby-image-wrapper\\"
            style=\\"position: relative; overflow: hidden; height: 100%;\\"
          >"
`;
